{
  "diagnostics": [
    {
      "severity": "error",
      "message": "Eq 辞書を Core IR へ渡して監査ログへ記録しました",
      "schema_version": "2.0.0-draft",
      "location": {
        "file": "dict.reml",
        "line": 5,
        "column": 7,
        "endLine": 5,
        "endColumn": 18
      },
      "code": "typeclass.dictionary.resolved",
      "codes": [ "typeclass.dictionary.resolved" ],
      "domain": "type",
      "timestamp": "1970-01-01T00:00:00Z",
      "extensions": {
        "diagnostic.v2": {
          "timestamp": "1970-01-01T00:00:00Z",
          "codes": [ "typeclass.dictionary.resolved" ]
        },
        "typeclass": {
          "trait": "Eq",
          "type_args": [ "i64" ],
          "constraint": "Eq<i64>",
          "resolution_state": "resolved",
          "dictionary": {
            "kind": "implicit",
            "identifier": "Eq",
            "trait": "Eq",
            "type_args": [ "i64" ],
            "repr": "DictImplicit(Eq, [i64])"
          },
          "candidates": [],
          "pending": [],
          "generalized_typevars": [],
          "graph": { "export_dot": null },
          "stage": null
        },
        "typeclass.trait": "Eq",
        "typeclass.type_args": [ "i64" ],
        "typeclass.constraint": "Eq<i64>",
        "typeclass.resolution_state": "resolved",
        "typeclass.dictionary": {
          "kind": "implicit",
          "identifier": "Eq",
          "trait": "Eq",
          "type_args": [ "i64" ],
          "repr": "DictImplicit(Eq, [i64])"
        },
        "typeclass.candidates": [],
        "typeclass.pending": [],
        "typeclass.generalized_typevars": [],
        "typeclass.graph.export_dot": null,
        "typeclass.span.start": 58,
        "typeclass.span.end": 69,
        "typeclass.dictionary.kind": "implicit",
        "typeclass.dictionary.identifier": "Eq",
        "typeclass.dictionary.trait": "Eq",
        "typeclass.dictionary.type_args": [ "i64" ],
        "typeclass.dictionary.repr": "DictImplicit(Eq, [i64])"
      },
      "audit_metadata": {
        "event.kind": "typeclass.dictionary.resolved",
        "event.domain": "type",
        "audit.policy.version": "phase2.5.audit.v1",
        "audit.channel": "cli",
        "audit.build_id": "19700101T000000Z",
        "audit.sequence": 0,
        "audit.source.workspace": ".",
        "cli.audit_id": "22222222-2222-2222-2222-222222222222",
        "cli.change_set": {
          "command": "typeclass-diagnostic-test",
          "input": "dict.reml"
        },
        "schema.version": "1.1",
        "audit.timestamp": "1970-01-01T00:00:00Z",
        "typeclass.trait": "Eq",
        "typeclass.type_args": [ "i64" ],
        "typeclass.constraint": "Eq<i64>",
        "typeclass.resolution_state": "resolved",
        "typeclass.dictionary": {
          "kind": "implicit",
          "identifier": "Eq",
          "trait": "Eq",
          "type_args": [ "i64" ],
          "repr": "DictImplicit(Eq, [i64])"
        },
        "typeclass.candidates": [],
        "typeclass.pending": [],
        "typeclass.generalized_typevars": [],
        "typeclass.graph.export_dot": null,
        "typeclass.span.start": 58,
        "typeclass.span.end": 69,
        "typeclass.dictionary.kind": "implicit",
        "typeclass.dictionary.identifier": "Eq",
        "typeclass.dictionary.trait": "Eq",
        "typeclass.dictionary.type_args": [ "i64" ],
        "typeclass.dictionary.repr": "DictImplicit(Eq, [i64])"
      },
      "audit": {
        "metadata": {
          "typeclass.dictionary.repr": "DictImplicit(Eq, [i64])",
          "typeclass.dictionary.type_args": [ "i64" ],
          "typeclass.dictionary.trait": "Eq",
          "typeclass.dictionary.identifier": "Eq",
          "typeclass.dictionary.kind": "implicit",
          "typeclass.span.end": 69,
          "typeclass.span.start": 58,
          "typeclass.graph.export_dot": null,
          "typeclass.generalized_typevars": [],
          "typeclass.pending": [],
          "typeclass.candidates": [],
          "typeclass.dictionary": {
            "kind": "implicit",
            "identifier": "Eq",
            "trait": "Eq",
            "type_args": [ "i64" ],
            "repr": "DictImplicit(Eq, [i64])"
          },
          "typeclass.resolution_state": "resolved",
          "typeclass.constraint": "Eq<i64>",
          "typeclass.type_args": [ "i64" ],
          "typeclass.trait": "Eq",
          "cli.change_set": {
            "command": "typeclass-diagnostic-test",
            "input": "dict.reml"
          },
          "cli.audit_id": "22222222-2222-2222-2222-222222222222",
          "audit.source.workspace": ".",
          "audit.sequence": 0,
          "audit.build_id": "19700101T000000Z",
          "audit.channel": "cli",
          "audit.policy.version": "phase2.5.audit.v1",
          "event.domain": "type",
          "event.kind": "typeclass.dictionary.resolved",
          "audit.timestamp": "1970-01-01T00:00:00Z",
          "schema.version": "1.1"
        },
        "audit_id": "22222222-2222-2222-2222-222222222222",
        "change_set": {
          "command": "typeclass-diagnostic-test",
          "input": "dict.reml"
        }
      }
    }
  ]
}
