{"metadata":{"effect.stage.default":"stable","effect.stage.capabilities":[],"schema.version":"1.1","audit.timestamp":"1970-01-01T00:00:00Z"},"category":"effect.stage.runtime","timestamp":"1970-01-01T00:00:00Z"}
{"metadata":{"stage_trace":[{"source":"cli_option","note":"not provided"},{"source":"env_var","note":"REMLC_EFFECT_STAGE not set"},{"source":"typer","stage":"stable","capability":"core.runtime"},{"source":"runtime","stage":"stable","capability":"core.runtime"},{"source":"capability_json","stage":"stable","file":"tooling/runtime/capabilities/default.json"}],"effect.residual.missing":["panic"],"effect.stage.capabilities":[{"capability":"core.runtime","stage":"stable"}],"effect.capabilities":["core.runtime"],"symbol":"demo","effect.source":"demo","effect.source.span":{"start":0,"end":0},"effect.stage.required":"stable","effect.stage.actual":"stable","effect.stage.capability":"core.runtime","effects.declared":[{"name":"io","span":{"start":0,"end":0}}],"effects.residual":[{"name":"panic","span":{"start":0,"end":0}}],"effects.diagnostic_payload":{"invalid_attributes":[],"residual_leaks":[{"effect":"panic","span":{"start":0,"end":0}}]},"effect.residual.leak_count":1,"schema.version":"1.1","audit.timestamp":"1970-01-01T00:00:00Z"},"category":"effect.stage","timestamp":"1970-01-01T00:00:00Z"}
