{"timestamp":"1970-01-01T00:00:00Z","category":"ffi.bridge","metadata":{"bridge":{"status":"error","return":{"ownership":"borrowed","status":"wrap","wrap":"wrap_foreign_ptr","release_handler":"none","rc_adjustment":"none"},"block_target":"x86_64-pc-windows-msvc","link_name":"ffi_demo_c","expected_abi":"msvc","extern_name":"ffi_demo","target":"x86_64-pc-windows-msvc","arch":"x86_64","platform":"windows-msvc-x64","abi":"system_v","ownership":"borrowed","extern_symbol":"ffi_demo_c"},"source_span":{"start":0,"end":168}}}
