{
  "diagnostics": [
    {
      "severity": "error",
      "message": "残余効果が閉じていません",
      "schema_version": "2.0.0-draft",
      "location": {
        "file": "<入力>",
        "line": 1,
        "column": 1,
        "endLine": 1,
        "endColumn": 1
      },
      "code": "effects.contract.residual_leak",
      "codes": [ "effects.contract.residual_leak" ],
      "domain": "type",
      "timestamp": "2025-10-25T03:17:11Z",
      "notes": [
        "`panic` のハンドラが宣言されていないためステージ検証に失敗しました"
      ],
      "extensions": {
        "diagnostic.v2": {
          "timestamp": "2025-10-25T03:17:11Z",
          "codes": [ "effects.contract.residual_leak" ]
        },
        "effects": {
          "stage": { "required": "stable", "actual": "stable" },
          "residual": { "missing": [ "panic" ], "leaked_from": "fn demo" },
          "declared": [ "io" ],
          "stage_trace": [
            { "source": "cli_option", "note": "not provided" },
            { "source": "env_var", "note": "REMLC_EFFECT_STAGE not set" },
            {
              "source": "typer",
              "stage": "stable",
              "capability": "core.runtime"
            },
            {
              "source": "runtime",
              "stage": "stable",
              "capability": "core.runtime"
            },
            {
              "source": "capability_json",
              "stage": "stable",
              "file": "tooling/runtime/capabilities/default.json"
            }
          ]
        },
        "effect.stage.required": "stable",
        "effect.stage.actual": "stable",
        "effect.stage.capability": "core.runtime",
        "effect.stage_trace": [
          { "source": "cli_option", "note": "not provided" },
          { "source": "env_var", "note": "REMLC_EFFECT_STAGE not set" },
          {
            "source": "typer",
            "stage": "stable",
            "capability": "core.runtime"
          },
          {
            "source": "runtime",
            "stage": "stable",
            "capability": "core.runtime"
          },
          {
            "source": "capability_json",
            "stage": "stable",
            "file": "tooling/runtime/capabilities/default.json"
          }
        ]
      },
      "audit_metadata": {
        "schema.version": "1.1",
        "audit.timestamp": "2025-10-25T03:17:11Z",
        "effect.residual.tags": [ "panic" ],
        "effect.capability": "core.runtime",
        "effect.stage.actual": "stable",
        "effect.stage.required": "stable",
        "stage_trace": [
          { "source": "typer", "stage": "stable" },
          { "source": "runtime", "stage": "stable" }
        ]
      },
      "audit": {
        "metadata": {
          "effect.residual.tags": [ "panic" ],
          "effect.capability": "core.runtime",
          "effect.stage.actual": "stable",
          "effect.stage.required": "stable",
          "stage_trace": [
            { "source": "typer", "stage": "stable" },
            { "source": "runtime", "stage": "stable" }
          ],
          "audit.timestamp": "2025-10-25T03:17:11Z",
          "schema.version": "1.1"
        }
      }
    }
  ]
}
