; ModuleID = 'main'
source_filename = "main"
target datalayout = "e-m:e-p:64:64-f64:64:64-v128:128:128-a:0:64"
target triple = "x86_64-unknown-linux-gnu"

declare ptr @mem_alloc(i64)

declare void @inc_ref(ptr)

declare void @dec_ref(ptr)

; Function Attrs: noreturn
declare void @panic(ptr, i64) #0

define i64 @add(i64 %a, i64 %b) {
entry:
  %add_tmp = add i64 %a, %b
  ret i64 %add_tmp
}

define i64 @sub(i64 %a, i64 %b) {
entry:
  %sub_tmp = sub i64 %a, %b
  ret i64 %sub_tmp
}

define i64 @mul(i64 %a, i64 %b) {
entry:
  %mul_tmp = mul i64 %a, %b
  ret i64 %mul_tmp
}

attributes #0 = { noreturn }
