{
  "run_config": {
    "switches": {
      "require_eof": true,
      "packrat": true,
      "left_recursion": "auto",
      "trace": true,
      "merge_warnings": false,
      "legacy_result": false
    },
    "extensions": {
      "lex": {
        "space_id": 512,
        "profile": "json_relaxed"
      },
      "recover": {
        "sync_tokens": [
          "}",
          "end"
        ],
        "notes": true
      },
      "stream": {
        "checkpoint": "unit-test",
        "resume_hint": "after-error"
      }
    }
  },
  "parse_result": {
    "recovered": false,
    "consumed": true,
    "committed": false,
    "packrat_stats": {
      "queries": 8,
      "hits": 7
    }
  },
  "diagnostics": [
    {
      "severity": "warning",
      "message": "RunConfig.left_recursion=\"auto\" を利用できません。左再帰シムは PARSER-003 で導入予定です。",
      "schema_version": "2.0.0-draft",
      "location": {
        "file": "runconfig-packrat.reml",
        "line": 1,
        "column": 1,
        "endLine": 1,
        "endColumn": 1
      },
      "code": "parser.runconfig.left_recursion_unimplemented",
      "codes": [
        "parser.runconfig.left_recursion_unimplemented"
      ],
      "domain": "config",
      "timestamp": "1970-01-01T00:00:00Z",
      "extensions": {
        "parse": {
          "input_name": "runconfig-packrat.reml",
          "stage_trace": []
        },
        "runconfig": {
          "packrat": true,
          "left_recursion": "auto",
          "trace": true,
          "merge_warnings": false,
          "extensions": {
            "lex": {
              "profile": "json_relaxed",
              "space_id": 512
            },
            "recover": {
              "sync_tokens": [
                "}",
                "end"
              ],
              "notes": true
            },
            "stream": {
              "checkpoint": "unit-test",
              "resume_hint": "after-error"
            }
          }
        },
        "diagnostic.v2": {
          "timestamp": "1970-01-01T00:00:00Z",
          "codes": [
            "parser.runconfig.left_recursion_unimplemented"
          ]
        }
      },
      "audit_metadata": {
        "parser.runconfig.packrat": true,
        "parser.runconfig.left_recursion": "auto",
        "parser.runconfig.trace": true,
        "parser.runconfig.merge_warnings": false,
        "parser.runconfig.extensions.lex": "json_relaxed",
        "parser.runconfig.extensions.recover": "sync_tokens(2)",
        "parser.runconfig.extensions.stream": "checkpoint",
        "cli.audit_id": "cli/19700101T000000Z#11",
        "audit.timestamp": "1970-01-01T00:00:00Z",
        "audit.channel": "cli",
        "audit.policy.version": "phase2.5.audit.v1",
        "audit.build_id": "19700101T000000Z",
        "audit.sequence": 11,
        "audit.source.workspace": ".",
        "parser.expected.alternatives": 0,
        "parse.input_name": "runconfig-packrat.reml",
        "schema.version": "1.1",
        "cli.change_set": {
          "policy": "phase2.5.audit.v1",
          "origin": "cli",
          "source": {
            "build_id": "19700101T000000Z",
            "workspace": ".",
            "sequence": 11
          },
          "items": [
            {
              "kind": "input",
              "path": "runconfig-packrat.reml"
            },
            {
              "kind": "run_config",
              "path": "left_recursion=auto"
            }
          ]
        },
        "event.domain": "config",
        "event.kind": "parser.runconfig.left_recursion_unimplemented"
      },
      "audit": {
        "metadata": {
          "parser.runconfig.packrat": true,
          "parser.runconfig.left_recursion": "auto",
          "parser.runconfig.trace": true,
          "parser.runconfig.merge_warnings": false,
          "parser.runconfig.extensions.lex": "json_relaxed",
          "parser.runconfig.extensions.recover": "sync_tokens(2)",
          "parser.runconfig.extensions.stream": "checkpoint",
          "cli.audit_id": "cli/19700101T000000Z#11",
          "audit.timestamp": "1970-01-01T00:00:00Z",
          "audit.channel": "cli",
          "audit.policy.version": "phase2.5.audit.v1",
          "audit.build_id": "19700101T000000Z",
          "audit.sequence": 11,
          "audit.source.workspace": ".",
          "schema.version": "1.1",
          "parse.input_name": "runconfig-packrat.reml",
          "event.domain": "config",
          "event.kind": "parser.runconfig.left_recursion_unimplemented"
        },
        "audit_id": "cli/19700101T000000Z#11",
        "change_set": {
          "policy": "phase2.5.audit.v1",
          "origin": "cli",
          "source": {
            "build_id": "19700101T000000Z",
            "workspace": ".",
            "sequence": 11
          },
          "items": [
            {
              "kind": "input",
              "path": "runconfig-packrat.reml"
            },
            {
              "kind": "run_config",
              "path": "left_recursion=auto"
            }
          ]
        }
      }
    }
  ]
}
